// Jest Snapshot v1, https://goo.gl/fbAQLP

exports[`StorageOverviewContext dummy test to workaround linter 1`] = `<div />`;
